Archive member included to satisfy reference by file (symbol)

C:/ST/STM32CubeIDE_1.12.0/STM32CubeIDE/plugins/com.st.stm32cube.ide.mcu.externaltools.gnu-tools-for-stm32.13.3.rel1.win32_1.0.0.202411081344/tools/bin/../lib/gcc/arm-none-eabi/13.3.1/../../../../arm-none-eabi/lib/thumb/v6-m/nofp\libc_nano.a(libc_a-exit.o)
                              C:/ST/STM32CubeIDE_1.12.0/STM32CubeIDE/plugins/com.st.stm32cube.ide.mcu.externaltools.gnu-tools-for-stm32.13.3.rel1.win32_1.0.0.202411081344/tools/bin/../lib/gcc/arm-none-eabi/13.3.1/../../../../arm-none-eabi/lib/thumb/v6-m/nofp/crt0.o (exit)
C:/ST/STM32CubeIDE_1.12.0/STM32CubeIDE/plugins/com.st.stm32cube.ide.mcu.externaltools.gnu-tools-for-stm32.13.3.rel1.win32_1.0.0.202411081344/tools/bin/../lib/gcc/arm-none-eabi/13.3.1/../../../../arm-none-eabi/lib/thumb/v6-m/nofp\libc_nano.a(libc_a-findfp.o)
                              C:/ST/STM32CubeIDE_1.12.0/STM32CubeIDE/plugins/com.st.stm32cube.ide.mcu.externaltools.gnu-tools-for-stm32.13.3.rel1.win32_1.0.0.202411081344/tools/bin/../lib/gcc/arm-none-eabi/13.3.1/../../../../arm-none-eabi/lib/thumb/v6-m/nofp\libc_nano.a(libc_a-exit.o) (__stdio_exit_handler)
C:/ST/STM32CubeIDE_1.12.0/STM32CubeIDE/plugins/com.st.stm32cube.ide.mcu.externaltools.gnu-tools-for-stm32.13.3.rel1.win32_1.0.0.202411081344/tools/bin/../lib/gcc/arm-none-eabi/13.3.1/../../../../arm-none-eabi/lib/thumb/v6-m/nofp\libc_nano.a(libc_a-fwalk.o)
                              C:/ST/STM32CubeIDE_1.12.0/STM32CubeIDE/plugins/com.st.stm32cube.ide.mcu.externaltools.gnu-tools-for-stm32.13.3.rel1.win32_1.0.0.202411081344/tools/bin/../lib/gcc/arm-none-eabi/13.3.1/../../../../arm-none-eabi/lib/thumb/v6-m/nofp\libc_nano.a(libc_a-findfp.o) (_fwalk_sglue)
C:/ST/STM32CubeIDE_1.12.0/STM32CubeIDE/plugins/com.st.stm32cube.ide.mcu.externaltools.gnu-tools-for-stm32.13.3.rel1.win32_1.0.0.202411081344/tools/bin/../lib/gcc/arm-none-eabi/13.3.1/../../../../arm-none-eabi/lib/thumb/v6-m/nofp\libc_nano.a(libc_a-stdio.o)
                              C:/ST/STM32CubeIDE_1.12.0/STM32CubeIDE/plugins/com.st.stm32cube.ide.mcu.externaltools.gnu-tools-for-stm32.13.3.rel1.win32_1.0.0.202411081344/tools/bin/../lib/gcc/arm-none-eabi/13.3.1/../../../../arm-none-eabi/lib/thumb/v6-m/nofp\libc_nano.a(libc_a-findfp.o) (__sread)
C:/ST/STM32CubeIDE_1.12.0/STM32CubeIDE/plugins/com.st.stm32cube.ide.mcu.externaltools.gnu-tools-for-stm32.13.3.rel1.win32_1.0.0.202411081344/tools/bin/../lib/gcc/arm-none-eabi/13.3.1/../../../../arm-none-eabi/lib/thumb/v6-m/nofp\libc_nano.a(libc_a-memset.o)
                              C:/ST/STM32CubeIDE_1.12.0/STM32CubeIDE/plugins/com.st.stm32cube.ide.mcu.externaltools.gnu-tools-for-stm32.13.3.rel1.win32_1.0.0.202411081344/tools/bin/../lib/gcc/arm-none-eabi/13.3.1/../../../../arm-none-eabi/lib/thumb/v6-m/nofp/crt0.o (memset)
C:/ST/STM32CubeIDE_1.12.0/STM32CubeIDE/plugins/com.st.stm32cube.ide.mcu.externaltools.gnu-tools-for-stm32.13.3.rel1.win32_1.0.0.202411081344/tools/bin/../lib/gcc/arm-none-eabi/13.3.1/../../../../arm-none-eabi/lib/thumb/v6-m/nofp\libc_nano.a(libc_a-closer.o)
                              C:/ST/STM32CubeIDE_1.12.0/STM32CubeIDE/plugins/com.st.stm32cube.ide.mcu.externaltools.gnu-tools-for-stm32.13.3.rel1.win32_1.0.0.202411081344/tools/bin/../lib/gcc/arm-none-eabi/13.3.1/../../../../arm-none-eabi/lib/thumb/v6-m/nofp\libc_nano.a(libc_a-stdio.o) (_close_r)
C:/ST/STM32CubeIDE_1.12.0/STM32CubeIDE/plugins/com.st.stm32cube.ide.mcu.externaltools.gnu-tools-for-stm32.13.3.rel1.win32_1.0.0.202411081344/tools/bin/../lib/gcc/arm-none-eabi/13.3.1/../../../../arm-none-eabi/lib/thumb/v6-m/nofp\libc_nano.a(libc_a-reent.o)
                              C:/ST/STM32CubeIDE_1.12.0/STM32CubeIDE/plugins/com.st.stm32cube.ide.mcu.externaltools.gnu-tools-for-stm32.13.3.rel1.win32_1.0.0.202411081344/tools/bin/../lib/gcc/arm-none-eabi/13.3.1/../../../../arm-none-eabi/lib/thumb/v6-m/nofp\libc_nano.a(libc_a-closer.o) (errno)
C:/ST/STM32CubeIDE_1.12.0/STM32CubeIDE/plugins/com.st.stm32cube.ide.mcu.externaltools.gnu-tools-for-stm32.13.3.rel1.win32_1.0.0.202411081344/tools/bin/../lib/gcc/arm-none-eabi/13.3.1/../../../../arm-none-eabi/lib/thumb/v6-m/nofp\libc_nano.a(libc_a-impure.o)
                              C:/ST/STM32CubeIDE_1.12.0/STM32CubeIDE/plugins/com.st.stm32cube.ide.mcu.externaltools.gnu-tools-for-stm32.13.3.rel1.win32_1.0.0.202411081344/tools/bin/../lib/gcc/arm-none-eabi/13.3.1/../../../../arm-none-eabi/lib/thumb/v6-m/nofp\libc_nano.a(libc_a-reent.o) (_impure_ptr)
C:/ST/STM32CubeIDE_1.12.0/STM32CubeIDE/plugins/com.st.stm32cube.ide.mcu.externaltools.gnu-tools-for-stm32.13.3.rel1.win32_1.0.0.202411081344/tools/bin/../lib/gcc/arm-none-eabi/13.3.1/../../../../arm-none-eabi/lib/thumb/v6-m/nofp\libc_nano.a(libc_a-lseekr.o)
[...]
Memory Configuration

Name             Origin             Length             Attributes
RAM              0x20000000         0x00001800         xrw
FLASH            0x08000000         0x00008000         xr
*default*        0x00000000         0xffffffff

Linker script and memory map

LOAD C:/ST/STM32CubeIDE_1.12.0/STM32CubeIDE/plugins/com.st.stm32cube.ide.mcu.externaltools.gnu-tools-for-stm32.13.3.rel1.win32_1.0.0.202411081344/tools/bin/../lib/gcc/arm-none-eabi/13.3.1/thumb/v6-m/nofp/crti.o
LOAD C:/ST/STM32CubeIDE_1.12.0/STM32CubeIDE/plugins/com.st.stm32cube.ide.mcu.externaltools.gnu-tools-for-stm32.13.3.rel1.win32_1.0.0.202411081344/tools/bin/../lib/gcc/arm-none-eabi/13.3.1/thumb/v6-m/nofp/crtbegin.o
LOAD C:/ST/STM32CubeIDE_1.12.0/STM32CubeIDE/plugins/com.st.stm32cube.ide.mcu.externaltools.gnu-tools-for-stm32.13.3.rel1.win32_1.0.0.202411081344/tools/bin/../lib/gcc/arm-none-eabi/13.3.1/../../../../arm-none-eabi/lib/thumb/v6-m/nofp/crt0.o
LOAD ./Core/Src/main.o
LOAD ./Core/Src/pulse_analysis.o
LOAD ./Core/Src/pulse_capture.o
LOAD ./Core/Src/stm32c0xx_hal_msp.o
LOAD ./Core/Src/stm32c0xx_it.o
LOAD ./Core/Src/syscalls.o
LOAD ./Core/Src/sysmem.o
LOAD ./Core/Src/system_stm32c0xx.o
LOAD ./Core/Src/uart_send.o
LOAD ./Core/Startup/startup_stm32c011j6mx.o
LOAD ./Drivers/STM32C0xx_HAL_Driver/Src/stm32c0xx_hal.o
LOAD ./Drivers/STM32C0xx_HAL_Driver/Src/stm32c0xx_hal_cortex.o
LOAD ./Drivers/STM32C0xx_HAL_Driver/Src/stm32c0xx_hal_dma.o
LOAD ./Drivers/STM32C0xx_HAL_Driver/Src/stm32c0xx_hal_dma_ex.o
LOAD ./Drivers/STM32C0xx_HAL_Driver/Src/stm32c0xx_hal_exti.o
LOAD ./Drivers/STM32C0xx_HAL_Driver/Src/stm32c0xx_hal_flash.o
LOAD ./Drivers/STM32C0xx_HAL_Driver/Src/stm32c0xx_hal_flash_ex.o
LOAD ./Drivers/STM32C0xx_HAL_Driver/Src/stm32c0xx_hal_gpio.o
LOAD ./Drivers/STM32C0xx_HAL_Driver/Src/stm32c0xx_hal_pwr.o
LOAD ./Drivers/STM32C0xx_HAL_Driver/Src/stm32c0xx_hal_pwr_ex.o
LOAD ./Drivers/STM32C0xx_HAL_Driver/Src/stm32c0xx_hal_rcc.o
LOAD ./Drivers/STM32C0xx_HAL_Driver/Src/stm32c0xx_hal_rcc_ex.o
LOAD ./Drivers/STM32C0xx_HAL_Driver/Src/stm32c0xx_hal_tim.o
LOAD ./Drivers/STM32C0xx_HAL_Driver/Src/stm32c0xx_hal_tim_ex.o
LOAD ./Drivers/STM32C0xx_HAL_Driver/Src/stm32c0xx_hal_uart.o
LOAD ./Drivers/STM32C0xx_HAL_Driver/Src/stm32c0xx_hal_uart_ex.o
START GROUP
LOAD C:/ST/STM32CubeIDE_1.12.0/STM32CubeIDE/plugins/com.st.stm32cube.ide.mcu.externaltools.gnu-tools-for-stm32.13.3.rel1.win32_1.0.0.202411081344/tools/bin/../lib/gcc/arm-none-eabi/13.3.1/../../../../arm-none-eabi/lib/thumb/v6-m/nofp\libc_nano.a
LOAD C:/ST/STM32CubeIDE_1.12.0/STM32CubeIDE/plugins/com.st.stm32cube.ide.mcu.externaltools.gnu-tools-for-stm32.13.3.rel1.win32_1.0.0.202411081344/tools/bin/../lib/gcc/arm-none-eabi/13.3.1/../../../../arm-none-eabi/lib/thumb/v6-m/nofp\libm.a
END GROUP
START GROUP
LOAD C:/ST/STM32CubeIDE_1.12.0/STM32CubeIDE/plugins/com.st.stm32cube.ide.mcu.externaltools.gnu-tools-for-stm32.13.3.rel1.win32_1.0.0.202411081344/tools/bin/../lib/gcc/arm-none-eabi/13.3.1/thumb/v6-m/nofp\libgcc.a
LOAD C:/ST/STM32CubeIDE_1.12.0/STM32CubeIDE/plugins/com.st.stm32cube.ide.mcu.externaltools.gnu-tools-for-stm32.13.3.rel1.win32_1.0.0.202411081344/tools/bin/../lib/gcc/arm-none-eabi/13.3.1/../../../../arm-none-eabi/lib/thumb/v6-m/nofp\libc_nano.a
END GROUP
START GROUP
LOAD C:/ST/STM32CubeIDE_1.12.0/STM32CubeIDE/plugins/com.st.stm32cube.ide.mcu.externaltools.gnu-tools-for-stm32.13.3.rel1.win32_1.0.0.202411081344/tools/bin/../lib/gcc/arm-none-eabi/13.3.1/thumb/v6-m/nofp\libgcc.a
LOAD C:/ST/STM32CubeIDE_1.12.0/STM32CubeIDE/plugins/com.st.stm32cube.ide.mcu.externaltools.gnu-tools-for-stm32.13.3.rel1.win32_1.0.0.202411081344/tools/bin/../lib/gcc/arm-none-eabi/13.3.1/../../../../arm-none-eabi/lib/thumb/v6-m/nofp\libc_nano.a
LOAD C:/ST/STM32CubeIDE_1.12.0/STM32CubeIDE/plugins/com.st.stm32cube.ide.mcu.externaltools.gnu-tools-for-stm32.13.3.rel1.win32_1.0.0.202411081344/tools/bin/../lib/gcc/arm-none-eabi/13.3.1/../../../../arm-none-eabi/lib/thumb/v6-m/nofp\libnosys.a
END GROUP
START GROUP
LOAD C:/ST/STM32CubeIDE_1.12.0/STM32CubeIDE/plugins/com.st.stm32cube.ide.mcu.externaltools.gnu-tools-for-stm32.13.3.rel1.win32_1.0.0.202411081344/tools/bin/../lib/gcc/arm-none-eabi/13.3.1/thumb/v6-m/nofp\libgcc.a
LOAD C:/ST/STM32CubeIDE_1.12.0/STM32CubeIDE/plugins/com.st.stm32cube.ide.mcu.externaltools.gnu-tools-for-stm32.13.3.rel1.win32_1.0.0.202411081344/tools/bin/../lib/gcc/arm-none-eabi/13.3.1/../../../../arm-none-eabi/lib/thumb/v6-m/nofp\libc_nano.a
LOAD C:/ST/STM32CubeIDE_1.12.0/STM32CubeIDE/plugins/com.st.stm32cube.ide.mcu.externaltools.gnu-tools-for-stm32.13.3.rel1.win32_1.0.0.202411081344/tools/bin/../lib/gcc/arm-none-eabi/13.3.1/../../../../arm-none-eabi/lib/thumb/v6-m/nofp\libnosys.a
END GROUP
LOAD C:/ST/STM32CubeIDE_1.12.0/STM32CubeIDE/plugins/com.st.stm32cube.ide.mcu.externaltools.gnu-tools-for-stm32.13.3.rel1.win32_1.0.0.202411081344/tools/bin/../lib/gcc/arm-none-eabi/13.3.1/thumb/v6-m/nofp/crtend.o
LOAD C:/ST/STM32CubeIDE_1.12.0/STM32CubeIDE/plugins/com.st.stm32cube.ide.mcu.externaltools.gnu-tools-for-stm32.13.3.rel1.win32_1.0.0.202411081344/tools/bin/../lib/gcc/arm-none-eabi/13.3.1/thumb/v6-m/nofp/crtn.o
                0x20001800                        _estack = (ORIGIN (RAM) + LENGTH (RAM))
                0x00000200                        _Min_Heap_Size = 0x200
                0x00000400                        _Min_Stack_Size = 0x400

.isr_vector     0x08000000       0xc0
                0x08000000                        . = ALIGN (0x4)
 *(.isr_vector)
 .isr_vector    0x08000000       0xc0 ./Core/Startup/startup_stm32c011j6mx.o
                0x08000000                g_pfnVectors
                0x080000c0                        . = ALIGN (0x4)

.text           0x080000c0     0x3aa0
                0x080000c0                        . = ALIGN (0x4)
 *(.text)
 .text          0x080000c0       0x48 C:/ST/STM32CubeIDE_1.12.0/STM32CubeIDE/plugins/com.st.stm32cube.ide.mcu.externaltools.gnu-tools-for-stm32.13.3.rel1.win32_1.0.0.202411081344/tools/bin/../lib/gcc/arm-none-eabi/13.3.1/thumb/v6-m/nofp/crtbegin.o
 .text          0x08000108      0x114 C:/ST/STM32CubeIDE_1.12.0/STM32CubeIDE/plugins/com.st.stm32cube.ide.mcu.externaltools.gnu-tools-for-stm32.13.3.rel1.win32_1.0.0.202411081344/tools/bin/../lib/gcc/arm-none-eabi/13.3.1/thumb/v6-m/nofp\libgcc.a(_udivsi3.o)
                0x08000108                __aeabi_uidiv
                0x08000108                __udivsi3
                0x08000214                __aeabi_uidivmod
 .text          0x0800021c      0x1d4 C:/ST/STM32CubeIDE_1.12.0/STM32CubeIDE/plugins/com.st.stm32cube.ide.mcu.externaltools.gnu-tools-for-stm32.13.3.rel1.win32_1.0.0.202411081344/tools/bin/../lib/gcc/arm-none-eabi/13.3.1/thumb/v6-m/nofp\libgcc.a(_divsi3.o)
                0x0800021c                __divsi3
                0x0800021c                __aeabi_idiv
                0x080003e8                __aeabi_idivmod
 .text          0x080003f0        0x4 C:/ST/STM32CubeIDE_1.12.0/STM32CubeIDE/plugins/com.st.stm32cube.ide.mcu.externaltools.gnu-tools-for-stm32.13.3.rel1.win32_1.0.0.202411081344/tools/bin/../lib/gcc/arm-none-eabi/13.3.1/thumb/v6-m/nofp\libgcc.a(_dvmd_tls.o)
                0x080003f0                __aeabi_idiv0
                0x080003f0                __aeabi_ldiv0
 *(.text*)
 .text.HAL_TIM_PeriodElapsedCallback
                0x080003f4       0x94 ./Core/Src/main.o
                0x080003f4                HAL_TIM_PeriodElapsedCallback
 .text.main     0x08000488       0x60 ./Core/Src/main.o
                0x08000488                main
 .text.SystemClock_Config
                0x080004e8       0x9c ./Core/Src/main.o
                0x080004e8                SystemClock_Config
 .text.MX_TIM3_Init
                0x08000584       0xac ./Core/Src/main.o
 .text.MX_TIM14_Init
                0x08000630       0x4c ./Core/Src/main.o
 .text.MX_TIM16_Init
                0x0800067c       0x54 ./Core/Src/main.o
 .text.MX_USART1_UART_Init
                0x080006d0       0x9c ./Core/Src/main.o
 .text.MX_DMA_Init
                0x0800076c       0x3c ./Core/Src/main.o
 .text.MX_GPIO_Init
                0x080007a8       0x8c ./Core/Src/main.o
 .text.Error_Handler
                0x08000834        0xc ./Core/Src/main.o
                0x08000834                Error_Handler
 .text.analyze_pulses
                0x08000840       0xbc ./Core/Src/pulse_analysis.o
                0x08000840                analyze_pulses
 .text.convert_duty_to_bits
                0x080008fc       0x68 ./Core/Src/pulse_analysis.o
                0x080008fc                convert_duty_to_bits
 .text.verify_payload
                0x08000964       0x30 ./Core/Src/pulse_analysis.o
                0x08000964                verify_payload
 .text.analyze_payload
                0x08000994       0x84 ./Core/Src/pulse_analysis.o
                0x08000994                analyze_payload
 .text.getErroPIR
                0x08000a18       0x14 ./Core/Src/pulse_analysis.o
                0x08000a18                getErroPIR
 .text.getPirValue
                0x08000a2c       0x14 ./Core/Src/pulse_analysis.o
                0x08000a2c                getPirValue
 .text.find_start_pulse_and_realign
                0x08000a40      0x1c8 ./Core/Src/pulse_capture.o
                0x08000a40                find_start_pulse_and_realign
 .text.processPulses
                0x08000c08       0x80 ./Core/Src/pulse_capture.o
                0x08000c08                processPulses
 .text.get_width_pulses
                0x08000c88       0x10 ./Core/Src/pulse_capture.o
                0x08000c88                get_width_pulses
 .text.setTimerPulses
                0x08000c98       0x1c ./Core/Src/pulse_capture.o
                0x08000c98                setTimerPulses
 .text.HAL_MspInit
                0x08000cb4       0x4c ./Core/Src/stm32c0xx_hal_msp.o
                0x08000cb4                HAL_MspInit
 .text.HAL_TIM_Base_MspInit
                0x08000d00       0xb4 ./Core/Src/stm32c0xx_hal_msp.o
                0x08000d00                HAL_TIM_Base_MspInit
 .text.HAL_UART_MspInit
                0x08000db4      0x158 ./Core/Src/stm32c0xx_hal_msp.o
                0x08000db4                HAL_UART_MspInit
 .text.NMI_Handler
                0x08000f0c        0x8 ./Core/Src/stm32c0xx_it.o
                0x08000f0c                NMI_Handler
 .text.HardFault_Handler
                0x08000f14        0x8 ./Core/Src/stm32c0xx_it.o
                0x08000f14                HardFault_Handler
 .text.SVC_Handler
                0x08000f1c        0xa ./Core/Src/stm32c0xx_it.o
                0x08000f1c                SVC_Handler
 .text.PendSV_Handler
                0x08000f26        0xa ./Core/Src/stm32c0xx_it.o
                0x08000f26                PendSV_Handler
 .text.SysTick_Handler
                0x08000f30        0xe ./Core/Src/stm32c0xx_it.o
                0x08000f30                SysTick_Handler
 *fill*         0x08000f3e        0x2 
 .text.EXTI4_15_IRQHandler
                0x08000f40       0xc0 ./Core/Src/stm32c0xx_it.o
                0x08000f40                EXTI4_15_IRQHandler
 .text.DMA1_Channel1_IRQHandler
                0x08001000       0x18 ./Core/Src/stm32c0xx_it.o
                0x08001000                DMA1_Channel1_IRQHandler
 .text.TIM14_IRQHandler
                0x08001018       0x18 ./Core/Src/stm32c0xx_it.o
                0x08001018                TIM14_IRQHandler
 .text.TIM16_IRQHandler
                0x08001030       0x18 ./Core/Src/stm32c0xx_it.o
                0x08001030                TIM16_IRQHandler
 .text.SystemInit
                0x08001048       0x18 ./Core/Src/system_stm32c0xx.o
                0x08001048                SystemInit
 .text.send_uart_data
                0x08001060       0xbc ./Core/Src/uart_send.o
                0x08001060                send_uart_data
 .text.setUart  0x0800111c       0x1c ./Core/Src/uart_send.o
                0x0800111c                setUart
 .text.Reset_Handler
                0x08001138       0x50 ./Core/Startup/startup_stm32c011j6mx.o
                0x08001138                Reset_Handler
 .text.Default_Handler
                0x08001188        0x2 ./Core/Startup/startup_stm32c011j6mx.o
                0x08001188                TIM1_CC_IRQHandler
                0x08001188                I2C1_IRQHandler
                0x08001188                DMAMUX1_IRQHandler
                0x08001188                SPI1_IRQHandler
                0x08001188                EXTI2_3_IRQHandler
                0x08001188                ADC1_IRQHandler
                0x08001188                TIM17_IRQHandler
                0x08001188                RTC_IRQHandler
                0x08001188                TIM3_IRQHandler
                0x08001188                RCC_IRQHandler
                0x08001188                Default_Handler
                0x08001188                EXTI0_1_IRQHandler
                0x08001188                WWDG_IRQHandler
                0x08001188                DMA1_Channel2_3_IRQHandler
                0x08001188                USART2_IRQHandler
                0x08001188                FLASH_IRQHandler
                0x08001188                USART1_IRQHandler
                0x08001188                TIM1_BRK_UP_TRG_COM_IRQHandler
 *fill*         0x0800118a        0x2 
 .text.LL_SYSCFG_ConfigPinMux
                0x0800118c       0x30 ./Drivers/STM32C0xx_HAL_Driver/Src/stm32c0xx_hal.o
 .text.HAL_Init
                0x080011bc       0x2e ./Drivers/STM32C0xx_HAL_Driver/Src/stm32c0xx_hal.o
                0x080011bc                HAL_Init
 *fill*         0x080011ea        0x2 
 .text.HAL_InitTick
                0x080011ec       0x94 ./Drivers/STM32C0xx_HAL_Driver/Src/stm32c0xx_hal.o
                0x080011ec                HAL_InitTick
 .text.HAL_IncTick
                0x08001280       0x24 ./Drivers/STM32C0xx_HAL_Driver/Src/stm32c0xx_hal.o
                0x08001280                HAL_IncTick
 .text.HAL_GetTick
                0x080012a4       0x14 ./Drivers/STM32C0xx_HAL_Driver/Src/stm32c0xx_hal.o
                0x080012a4                HAL_GetTick
 .text.HAL_SYSCFG_EnableRemap
                0x080012b8       0x20 ./Drivers/STM32C0xx_HAL_Driver/Src/stm32c0xx_hal.o
                0x080012b8                HAL_SYSCFG_EnableRemap
 .text.HAL_SYSCFG_SetPinBinding
                0x080012d8       0x18 ./Drivers/STM32C0xx_HAL_Driver/Src/stm32c0xx_hal.o
                0x080012d8                HAL_SYSCFG_SetPinBinding
 .text.__NVIC_EnableIRQ
                0x080012f0       0x34 ./Drivers/STM32C0xx_HAL_Driver/Src/stm32c0xx_hal_cortex.o
 .text.__NVIC_SetPriority
                0x08001324       0xdc ./Drivers/STM32C0xx_HAL_Driver/Src/stm32c0xx_hal_cortex.o
 .text.SysTick_Config
                0x08001400       0x48 ./Drivers/STM32C0xx_HAL_Driver/Src/stm32c0xx_hal_cortex.o
 .text.HAL_NVIC_SetPriority
                0x08001448       0x2a ./Drivers/STM32C0xx_HAL_Driver/Src/stm32c0xx_hal_cortex.o
                0x08001448                HAL_NVIC_SetPriority
 .text.HAL_NVIC_EnableIRQ
                0x08001472       0x20 ./Drivers/STM32C0xx_HAL_Driver/Src/stm32c0xx_hal_cortex.o
                0x08001472                HAL_NVIC_EnableIRQ
 .text.HAL_SYSTICK_Config
                0x08001492       0x1a ./Drivers/STM32C0xx_HAL_Driver/Src/stm32c0xx_hal_cortex.o
                0x08001492                HAL_SYSTICK_Config
 .text.HAL_DMA_Init
                0x080014ac      0x114 ./Drivers/STM32C0xx_HAL_Driver/Src/stm32c0xx_hal_dma.o
                0x080014ac                HAL_DMA_Init
 .text.HAL_DMA_Start_IT
                0x080015c0      0x10e ./Drivers/STM32C0xx_HAL_Driver/Src/stm32c0xx_hal_dma.o
                0x080015c0                HAL_DMA_Start_IT
 *fill*         0x080016ce        0x2 
 .text.HAL_DMA_IRQHandler
                0x080016d0      0x164 ./Drivers/STM32C0xx_HAL_Driver/Src/stm32c0xx_hal_dma.o
                0x080016d0                HAL_DMA_IRQHandler
 .text.DMA_SetConfig
                0x08001834       0x80 ./Drivers/STM32C0xx_HAL_Driver/Src/stm32c0xx_hal_dma.o
 .text.DMA_CalcDMAMUXChannelBaseAndMask
                0x080018b4       0x58 ./Drivers/STM32C0xx_HAL_Driver/Src/stm32c0xx_hal_dma.o
 .text.DMA_CalcDMAMUXRequestGenBaseAndMask
                0x0800190c       0x48 ./Drivers/STM32C0xx_HAL_Driver/Src/stm32c0xx_hal_dma.o
 .text.HAL_GPIO_Init
                0x08001954      0x2d4 ./Drivers/STM32C0xx_HAL_Driver/Src/stm32c0xx_hal_gpio.o
                0x08001954                HAL_GPIO_Init
 .text.HAL_RCC_OscConfig
                0x08001c28      0x3c8 ./Drivers/STM32C0xx_HAL_Driver/Src/stm32c0xx_hal_rcc.o
                0x08001c28                HAL_RCC_OscConfig
 .text.HAL_RCC_ClockConfig
                0x08001ff0      0x200 ./Drivers/STM32C0xx_HAL_Driver/Src/stm32c0xx_hal_rcc.o
                0x08001ff0                HAL_RCC_ClockConfig
 .text.HAL_RCC_GetSysClockFreq
                0x080021f0       0x84 ./Drivers/STM32C0xx_HAL_Driver/Src/stm32c0xx_hal_rcc.o
                0x080021f0                HAL_RCC_GetSysClockFreq
 .text.HAL_RCC_GetHCLKFreq
                0x08002274       0x3c ./Drivers/STM32C0xx_HAL_Driver/Src/stm32c0xx_hal_rcc.o
                0x08002274                HAL_RCC_GetHCLKFreq
 .text.HAL_RCC_GetPCLK1Freq
                0x080022b0       0x30 ./Drivers/STM32C0xx_HAL_Driver/Src/stm32c0xx_hal_rcc.o
                0x080022b0                HAL_RCC_GetPCLK1Freq
 .text.HAL_RCCEx_PeriphCLKConfig
                0x080022e0      0x1d8 ./Drivers/STM32C0xx_HAL_Driver/Src/stm32c0xx_hal_rcc_ex.o
                0x080022e0                HAL_RCCEx_PeriphCLKConfig
 .text.HAL_TIM_Base_Init
                0x080024b8       0xb0 ./Drivers/STM32C0xx_HAL_Driver/Src/stm32c0xx_hal_tim.o
                0x080024b8                HAL_TIM_Base_Init
 .text.HAL_TIM_Base_Start
                0x08002568       0x8c ./Drivers/STM32C0xx_HAL_Driver/Src/stm32c0xx_hal_tim.o
                0x08002568                HAL_TIM_Base_Start
 .text.HAL_TIM_Base_Start_IT
                0x080025f4       0x9c ./Drivers/STM32C0xx_HAL_Driver/Src/stm32c0xx_hal_tim.o
                0x080025f4                HAL_TIM_Base_Start_IT
 .text.HAL_TIM_IRQHandler
                0x08002690      0x210 ./Drivers/STM32C0xx_HAL_Driver/Src/stm32c0xx_hal_tim.o
                0x08002690                HAL_TIM_IRQHandler
 .text.HAL_TIM_ConfigClockSource
                0x080028a0      0x1ac ./Drivers/STM32C0xx_HAL_Driver/Src/stm32c0xx_hal_tim.o
                0x080028a0                HAL_TIM_ConfigClockSource
 .text.HAL_TIM_OC_DelayElapsedCallback
                0x08002a4c       0x10 ./Drivers/STM32C0xx_HAL_Driver/Src/stm32c0xx_hal_tim.o
                0x08002a4c                HAL_TIM_OC_DelayElapsedCallback
 .text.HAL_TIM_IC_CaptureCallback
                0x08002a5c       0x10 ./Drivers/STM32C0xx_HAL_Driver/Src/stm32c0xx_hal_tim.o
                0x08002a5c                HAL_TIM_IC_CaptureCallback
 .text.HAL_TIM_PWM_PulseFinishedCallback
                0x08002a6c       0x10 ./Drivers/STM32C0xx_HAL_Driver/Src/stm32c0xx_hal_tim.o
                0x08002a6c                HAL_TIM_PWM_PulseFinishedCallback
 .text.HAL_TIM_TriggerCallback
                0x08002a7c       0x10 ./Drivers/STM32C0xx_HAL_Driver/Src/stm32c0xx_hal_tim.o
                0x08002a7c                HAL_TIM_TriggerCallback
 .text.TIM_Base_SetConfig
                0x08002a8c       0xe4 ./Drivers/STM32C0xx_HAL_Driver/Src/stm32c0xx_hal_tim.o
                0x08002a8c                TIM_Base_SetConfig
 .text.TIM_TI1_ConfigInputStage
                0x08002b70       0x5c ./Drivers/STM32C0xx_HAL_Driver/Src/stm32c0xx_hal_tim.o
 .text.TIM_TI2_ConfigInputStage
                0x08002bcc       0x64 ./Drivers/STM32C0xx_HAL_Driver/Src/stm32c0xx_hal_tim.o
 .text.TIM_ITRx_SetConfig
                0x08002c30       0x38 ./Drivers/STM32C0xx_HAL_Driver/Src/stm32c0xx_hal_tim.o
 .text.TIM_ETR_SetConfig
                0x08002c68       0x40 ./Drivers/STM32C0xx_HAL_Driver/Src/stm32c0xx_hal_tim.o
                0x08002c68                TIM_ETR_SetConfig
 .text.HAL_TIMEx_MasterConfigSynchronization
                0x08002ca8       0xc4 ./Drivers/STM32C0xx_HAL_Driver/Src/stm32c0xx_hal_tim_ex.o
                0x08002ca8                HAL_TIMEx_MasterConfigSynchronization
 .text.HAL_TIMEx_CommutCallback
                0x08002d6c       0x10 ./Drivers/STM32C0xx_HAL_Driver/Src/stm32c0xx_hal_tim_ex.o
                0x08002d6c                HAL_TIMEx_CommutCallback
 .text.HAL_TIMEx_BreakCallback
                0x08002d7c       0x10 ./Drivers/STM32C0xx_HAL_Driver/Src/stm32c0xx_hal_tim_ex.o
                0x08002d7c                HAL_TIMEx_BreakCallback
 .text.HAL_TIMEx_Break2Callback
                0x08002d8c       0x10 ./Drivers/STM32C0xx_HAL_Driver/Src/stm32c0xx_hal_tim_ex.o
                0x08002d8c                HAL_TIMEx_Break2Callback
 .text.HAL_UART_Init
                0x08002d9c       0xac ./Drivers/STM32C0xx_HAL_Driver/Src/stm32c0xx_hal_uart.o
                0x08002d9c                HAL_UART_Init
 .text.HAL_UART_Transmit_DMA
                0x08002e48      0x124 ./Drivers/STM32C0xx_HAL_Driver/Src/stm32c0xx_hal_uart.o
                0x08002e48                HAL_UART_Transmit_DMA
 .text.HAL_UART_TxCpltCallback
                0x08002f6c       0x10 ./Drivers/STM32C0xx_HAL_Driver/Src/stm32c0xx_hal_uart.o
                0x08002f6c                HAL_UART_TxCpltCallback
 .text.HAL_UART_TxHalfCpltCallback
                0x08002f7c       0x10 ./Drivers/STM32C0xx_HAL_Driver/Src/stm32c0xx_hal_uart.o
                0x08002f7c                HAL_UART_TxHalfCpltCallback
 .text.HAL_UART_ErrorCallback
                0x08002f8c       0x10 ./Drivers/STM32C0xx_HAL_Driver/Src/stm32c0xx_hal_uart.o
                0x08002f8c                HAL_UART_ErrorCallback
 .text.UART_SetConfig
                0x08002f9c      0x2fc ./Drivers/STM32C0xx_HAL_Driver/Src/stm32c0xx_hal_uart.o
                0x08002f9c                UART_SetConfig
 .text.UART_AdvFeatureConfig
                0x08003298      0x168 ./Drivers/STM32C0xx_HAL_Driver/Src/stm32c0xx_hal_uart.o
                0x08003298                UART_AdvFeatureConfig
 .text.UART_CheckIdleState
                0x08003400      0x154 ./Drivers/STM32C0xx_HAL_Driver/Src/stm32c0xx_hal_uart.o
                0x08003400                UART_CheckIdleState
 .text.UART_WaitOnFlagUntilTimeout
                0x08003554       0xde ./Drivers/STM32C0xx_HAL_Driver/Src/stm32c0xx_hal_uart.o
                0x08003554                UART_WaitOnFlagUntilTimeout
 *fill*         0x08003632        0x2 
 .text.UART_EndTxTransfer
                0x08003634       0x80 ./Drivers/STM32C0xx_HAL_Driver/Src/stm32c0xx_hal_uart.o
 .text.UART_EndRxTransfer
                0x080036b4       0xcc ./Drivers/STM32C0xx_HAL_Driver/Src/stm32c0xx_hal_uart.o
 .text.UART_DMATransmitCplt
                0x08003780       0x98 ./Drivers/STM32C0xx_HAL_Driver/Src/stm32c0xx_hal_uart.o
 .text.UART_DMATxHalfCplt
                0x08003818       0x1e ./Drivers/STM32C0xx_HAL_Driver/Src/stm32c0xx_hal_uart.o
 .text.UART_DMAError
                0x08003836       0x86 ./Drivers/STM32C0xx_HAL_Driver/Src/stm32c0xx_hal_uart.o
 .text.HAL_UARTEx_DisableFifoMode
                0x080038bc       0x74 ./Drivers/STM32C0xx_HAL_Driver/Src/stm32c0xx_hal_uart_ex.o
                0x080038bc                HAL_UARTEx_DisableFifoMode
 .text.HAL_UARTEx_SetTxFifoThreshold
                0x08003930       0x7e ./Drivers/STM32C0xx_HAL_Driver/Src/stm32c0xx_hal_uart_ex.o
                0x08003930                HAL_UARTEx_SetTxFifoThreshold
 *fill*         0x080039ae        0x2 
 .text.HAL_UARTEx_SetRxFifoThreshold
                0x080039b0       0x84 ./Drivers/STM32C0xx_HAL_Driver/Src/stm32c0xx_hal_uart_ex.o
                0x080039b0                HAL_UARTEx_SetRxFifoThreshold
 .text.UARTEx_SetNbDataToProcess
                0x08003a34       0xbc ./Drivers/STM32C0xx_HAL_Driver/Src/stm32c0xx_hal_uart_ex.o
 .text.memset   0x08003af0       0x10 C:/ST/STM32CubeIDE_1.12.0/STM32CubeIDE/plugins/com.st.stm32cube.ide.mcu.externaltools.gnu-tools-for-stm32.13.3.rel1.win32_1.0.0.202411081344/tools/bin/../lib/gcc/arm-none-eabi/13.3.1/../../../../arm-none-eabi/lib/thumb/v6-m/nofp\libc_nano.a(libc_a-memset.o)
                0x08003af0                memset
 .text.__libc_init_array
                0x08003b00       0x48 C:/ST/STM32CubeIDE_1.12.0/STM32CubeIDE/plugins/com.st.stm32cube.ide.mcu.externaltools.gnu-tools-for-stm32.13.3.rel1.win32_1.0.0.202411081344/tools/bin/../lib/gcc/arm-none-eabi/13.3.1/../../../../arm-none-eabi/lib/thumb/v6-m/nofp\libc_nano.a(libc_a-init.o)
                0x08003b00                __libc_init_array
 *(.glue_7)
 .glue_7        0x08003b48        0x0 linker stubs
 *(.glue_7t)
 .glue_7t       0x08003b48        0x0 linker stubs
 *(.eh_frame)
 .eh_frame      0x08003b48        0x0 C:/ST/STM32CubeIDE_1.12.0/STM32CubeIDE/plugins/com.st.stm32cube.ide.mcu.externaltools.gnu-tools-for-stm32.13.3.rel1.win32_1.0.0.202411081344/tools/bin/../lib/gcc/arm-none-eabi/13.3.1/thumb/v6-m/nofp/crtbegin.o
 *(.init)
 .init          0x08003b48        0x4 C:/ST/STM32CubeIDE_1.12.0/STM32CubeIDE/plugins/com.st.stm32cube.ide.mcu.externaltools.gnu-tools-for-stm32.13.3.rel1.win32_1.0.0.202411081344/tools/bin/../lib/gcc/arm-none-eabi/13.3.1/thumb/v6-m/nofp/crti.o
                0x08003b48                _init
 .init          0x08003b4c        0x8 C:/ST/STM32CubeIDE_1.12.0/STM32CubeIDE/plugins/com.st.stm32cube.ide.mcu.externaltools.gnu-tools-for-stm32.13.3.rel1.win32_1.0.0.202411081344/tools/bin/../lib/gcc/arm-none-eabi/13.3.1/thumb/v6-m/nofp/crtn.o
 *(.fini)
 .fini          0x08003b54        0x4 C:/ST/STM32CubeIDE_1.12.0/STM32CubeIDE/plugins/com.st.stm32cube.ide.mcu.externaltools.gnu-tools-for-stm32.13.3.rel1.win32_1.0.0.202411081344/tools/bin/../lib/gcc/arm-none-eabi/13.3.1/thumb/v6-m/nofp/crti.o
                0x08003b54                _fini
 .fini          0x08003b58        0x8 C:/ST/STM32CubeIDE_1.12.0/STM32CubeIDE/plugins/com.st.stm32cube.ide.mcu.externaltools.gnu-tools-for-stm32.13.3.rel1.win32_1.0.0.202411081344/tools/bin/../lib/gcc/arm-none-eabi/13.3.1/thumb/v6-m/nofp/crtn.o
                0x08003b60                        . = ALIGN (0x4)
                0x08003b60                        _etext = .

.vfp11_veneer   0x08003b60        0x0
 .vfp11_veneer  0x08003b60        0x0 linker stubs

.v4_bx          0x08003b60        0x0
 .v4_bx         0x08003b60        0x0 linker stubs

.iplt           0x08003b60        0x0
 .iplt          0x08003b60        0x0 C:/ST/STM32CubeIDE_1.12.0/STM32CubeIDE/plugins/com.st.stm32cube.ide.mcu.externaltools.gnu-tools-for-stm32.13.3.rel1.win32_1.0.0.202411081344/tools/bin/../lib/gcc/arm-none-eabi/13.3.1/thumb/v6-m/nofp/crtbegin.o

.rodata         0x08003b60       0x88
                0x08003b60                        . = ALIGN (0x4)
 *(.rodata)
 *(.rodata*)
 .rodata.AHBPrescTable
                0x08003b60       0x40 ./Core/Src/system_stm32c0xx.o
                0x08003b60                AHBPrescTable
 .rodata.APBPrescTable
                0x08003ba0       0x20 ./Core/Src/system_stm32c0xx.o
                0x08003ba0                APBPrescTable
 .rodata.UARTPrescTable
                0x08003bc0       0x18 ./Drivers/STM32C0xx_HAL_Driver/Src/stm32c0xx_hal_uart.o
                0x08003bc0                UARTPrescTable
 .rodata.numerator.1
                0x08003bd8        0x8 ./Drivers/STM32C0xx_HAL_Driver/Src/stm32c0xx_hal_uart_ex.o
 .rodata.denominator.0
                0x08003be0        0x8 ./Drivers/STM32C0xx_HAL_Driver/Src/stm32c0xx_hal_uart_ex.o
                0x08003be8                        . = ALIGN (0x4)

.ARM.extab      0x08003be8        0x0
                0x08003be8                        . = ALIGN (0x4)
 *(.ARM.extab* .gnu.linkonce.armextab.*)
                0x08003be8                        . = ALIGN (0x4)

.ARM            0x08003be8        0x0
                0x08003be8                        . = ALIGN (0x4)
                0x08003be8                        __exidx_start = .
 *(.ARM.exidx*)
                0x08003be8                        __exidx_end = .
                0x08003be8                        . = ALIGN (0x4)

.preinit_array  0x08003be8        0x0
                0x08003be8                        . = ALIGN (0x4)
                0x08003be8                        PROVIDE (__preinit_array_start = .)
 *(.preinit_array*)
                0x08003be8                        PROVIDE (__preinit_array_end = .)
                0x08003be8                        . = ALIGN (0x4)

.init_array     0x08003be8        0x4
                0x08003be8                        . = ALIGN (0x4)
                0x08003be8                        PROVIDE (__init_array_start = .)
 *(SORT_BY_NAME(.init_array.*))
 *(.init_array*)
 .init_array    0x08003be8        0x4 C:/ST/STM32CubeIDE_1.12.0/STM32CubeIDE/plugins/com.st.stm32cube.ide.mcu.externaltools.gnu-tools-for-stm32.13.3.rel1.win32_1.0.0.202411081344/tools/bin/../lib/gcc/arm-none-eabi/13.3.1/thumb/v6-m/nofp/crtbegin.o
                0x08003bec                        PROVIDE (__init_array_end = .)
                0x08003bec                        . = ALIGN (0x4)

.fini_array     0x08003bec        0x4
                0x08003bec                        . = ALIGN (0x4)
                [!provide]                        PROVIDE (__fini_array_start = .)
 *(SORT_BY_NAME(.fini_array.*))
 *(.fini_array*)
 .fini_array    0x08003bec        0x4 C:/ST/STM32CubeIDE_1.12.0/STM32CubeIDE/plugins/com.st.stm32cube.ide.mcu.externaltools.gnu-tools-for-stm32.13.3.rel1.win32_1.0.0.202411081344/tools/bin/../lib/gcc/arm-none-eabi/13.3.1/thumb/v6-m/nofp/crtbegin.o
                [!provide]                        PROVIDE (__fini_array_end = .)
                0x08003bf0                        . = ALIGN (0x4)
                0x08003bf0                        _sidata = LOADADDR (.data)

.rel.dyn        0x08003bf0        0x0
 .rel.iplt      0x08003bf0        0x0 C:/ST/STM32CubeIDE_1.12.0/STM32CubeIDE/plugins/com.st.stm32cube.ide.mcu.externaltools.gnu-tools-for-stm32.13.3.rel1.win32_1.0.0.202411081344/tools/bin/../lib/gcc/arm-none-eabi/13.3.1/thumb/v6-m/nofp/crtbegin.o

.data           0x20000000        0xc load address 0x08003bf0
                0x20000000                        . = ALIGN (0x4)
                0x20000000                        _sdata = .
 *(.data)
 *(.data*)
 .data.SystemCoreClock
                0x20000000        0x4 ./Core/Src/system_stm32c0xx.o
                0x20000000                SystemCoreClock
 .data.uwTickPrio
                0x20000004        0x4 ./Drivers/STM32C0xx_HAL_Driver/Src/stm32c0xx_hal.o
                0x20000004                uwTickPrio
 .data.uwTickFreq
                0x20000008        0x1 ./Drivers/STM32C0xx_HAL_Driver/Src/stm32c0xx_hal.o
                0x20000008                uwTickFreq
 *(.RamFunc)
 *(.RamFunc*)
                0x2000000c                        . = ALIGN (0x4)
 *fill*         0x20000009        0x3 
                0x2000000c                        _edata = .

.igot.plt       0x2000000c        0x0 load address 0x08003bfc
 .igot.plt      0x2000000c        0x0 C:/ST/STM32CubeIDE_1.12.0/STM32CubeIDE/plugins/com.st.stm32cube.ide.mcu.externaltools.gnu-tools-for-stm32.13.3.rel1.win32_1.0.0.202411081344/tools/bin/../lib/gcc/arm-none-eabi/13.3.1/thumb/v6-m/nofp/crtbegin.o
                0x2000000c                        . = ALIGN (0x4)

.bss            0x2000000c      0x484 load address 0x08003bfc
                0x2000000c                        _sbss = .
                0x2000000c                        __bss_start__ = _sbss
 *(.bss)
 .bss           0x2000000c       0x1c C:/ST/STM32CubeIDE_1.12.0/STM32CubeIDE/plugins/com.st.stm32cube.ide.mcu.externaltools.gnu-tools-for-stm32.13.3.rel1.win32_1.0.0.202411081344/tools/bin/../lib/gcc/arm-none-eabi/13.3.1/thumb/v6-m/nofp/crtbegin.o
 *(.bss*)
 .bss.htim3     0x20000028       0x4c ./Core/Src/main.o
                0x20000028                htim3
 .bss.htim14    0x20000074       0x4c ./Core/Src/main.o
                0x20000074                htim14
 .bss.htim16    0x200000c0       0x4c ./Core/Src/main.o
                0x200000c0                htim16
 .bss.huart1    0x2000010c       0x94 ./Core/Src/main.o
                0x2000010c                huart1
 .bss.hdma_usart1_tx
                0x200001a0       0x5c ./Core/Src/main.o
                0x200001a0                hdma_usart1_tx
 .bss.duty_cycles
                0x200001fc       0x28 ./Core/Src/pulse_analysis.o
 .bss.bit_sequence
                0x20000224       0x13 ./Core/Src/pulse_analysis.o
 .bss.decode_ready
                0x20000237        0x1 ./Core/Src/pulse_analysis.o
                0x20000237                decode_ready
 .bss.payload_ready
                0x20000238        0x1 ./Core/Src/pulse_analysis.o
                0x20000238                payload_ready
 .bss.message_done
                0x20000239        0x1 ./Core/Src/pulse_analysis.o
                0x20000239                message_done
 .bss.erro_payload
                0x2000023a        0x2 ./Core/Src/pulse_analysis.o
                0x2000023a                erro_payload
 .bss.valor_PIR
                0x2000023c        0x2 ./Core/Src/pulse_analysis.o
                0x2000023c                valor_PIR
 *fill*         0x2000023e        0x2 
 .bss.pulse_buffer
                0x20000240       0xc8 ./Core/Src/pulse_capture.o
                0x20000240                pulse_buffer
 .bss.pulse_buffer_debug
                0x20000308       0xc8 ./Core/Src/pulse_capture.o
                0x20000308                pulse_buffer_debug
 .bss.pulse_width
                0x200003d0       0xa0 ./Core/Src/pulse_capture.o
 .bss.data_ready
                0x20000470        0x1 ./Core/Src/pulse_capture.o
                0x20000470                data_ready
 *fill*         0x20000471        0x1 
 .bss.pulse_index
                0x20000472        0x2 ./Core/Src/pulse_capture.o
                0x20000472                pulse_index
 .bss.htim      0x20000474        0x4 ./Core/Src/pulse_capture.o
 .bss.idleTimer
                0x20000478        0x4 ./Core/Src/pulse_capture.o
                0x20000478                idleTimer
 .bss.buffer_cleared
                0x2000047c        0x1 ./Core/Src/pulse_capture.o
                0x2000047c                buffer_cleared
 *fill*         0x2000047d        0x3 
 .bss.sample_count
                0x20000480        0x4 ./Core/Src/pulse_capture.o
                0x20000480                sample_count
 .bss.huart     0x20000484        0x4 ./Core/Src/uart_send.o
                0x20000484                huart
 .bss.last_error_value
                0x20000488        0x2 ./Core/Src/uart_send.o
 .bss.new_error_flag
                0x2000048a        0x1 ./Core/Src/uart_send.o
 *fill*         0x2000048b        0x1 
 .bss.uwTick    0x2000048c        0x4 ./Drivers/STM32C0xx_HAL_Driver/Src/stm32c0xx_hal.o
                0x2000048c                uwTick
 *(COMMON)
                0x20000490                        . = ALIGN (0x4)
                0x20000490                        _ebss = .
                0x20000490                        __bss_end__ = _ebss

._user_heap_stack
                0x20000490      0x600 load address 0x08003bfc
                0x20000490                        . = ALIGN (0x8)
                [!provide]                        PROVIDE (end = .)
                0x20000490                        PROVIDE (_end = .)
                0x20000690                        . = (. + _Min_Heap_Size)
 *fill*         0x20000490      0x200 
                0x20000a90                        . = (. + _Min_Stack_Size)
 *fill*         0x20000690      0x400 
                0x20000a90                        . = ALIGN (0x8)

/DISCARD/
 libc.a(*)
 libm.a(*)
 libgcc.a(*)

.ARM.attributes
                0x00000000       0x28
 *(.ARM.attributes)
 .ARM.attributes
                0x00000000       0x1e C:/ST/STM32CubeIDE_1.12.0/STM32CubeIDE/plugins/com.st.stm32cube.ide.mcu.externaltools.gnu-tools-for-stm32.13.3.rel1.win32_1.0.0.202411081344/tools/bin/../lib/gcc/arm-none-eabi/13.3.1/thumb/v6-m/nofp/crti.o
 .ARM.attributes
                0x0000001e       0x2c C:/ST/STM32CubeIDE_1.12.0/STM32CubeIDE/plugins/com.st.stm32cube.ide.mcu.externaltools.gnu-tools-for-stm32.13.3.rel1.win32_1.0.0.202411081344/tools/bin/../lib/gcc/arm-none-eabi/13.3.1/thumb/v6-m/nofp/crtbegin.o
 .ARM.attributes
                0x0000004a       0x2c ./Core/Src/main.o
 .ARM.attributes
                0x00000076       0x2c ./Core/Src/pulse_analysis.o
 .ARM.attributes
                0x000000a2       0x2c ./Core/Src/pulse_capture.o
 .ARM.attributes
                0x000000ce       0x2c ./Core/Src/stm32c0xx_hal_msp.o
 .ARM.attributes
                0x000000fa       0x2c ./Core/Src/stm32c0xx_it.o
 .ARM.attributes
                0x00000126       0x2c ./Core/Src/system_stm32c0xx.o
 .ARM.attributes
                0x00000152       0x2c ./Core/Src/uart_send.o
 .ARM.attributes
                0x0000017e       0x22 ./Core/Startup/startup_stm32c011j6mx.o
 .ARM.attributes
                0x000001a0       0x2c ./Drivers/STM32C0xx_HAL_Driver/Src/stm32c0xx_hal.o
 .ARM.attributes
                0x000001cc       0x2c ./Drivers/STM32C0xx_HAL_Driver/Src/stm32c0xx_hal_cortex.o
 .ARM.attributes
                0x000001f8       0x2c ./Drivers/STM32C0xx_HAL_Driver/Src/stm32c0xx_hal_dma.o
 .ARM.attributes
                0x00000224       0x2c ./Drivers/STM32C0xx_HAL_Driver/Src/stm32c0xx_hal_gpio.o
 .ARM.attributes
                0x00000250       0x2c ./Drivers/STM32C0xx_HAL_Driver/Src/stm32c0xx_hal_rcc.o
 .ARM.attributes
                0x0000027c       0x2c ./Drivers/STM32C0xx_HAL_Driver/Src/stm32c0xx_hal_rcc_ex.o
 .ARM.attributes
                0x000002a8       0x2c ./Drivers/STM32C0xx_HAL_Driver/Src/stm32c0xx_hal_tim.o
 .ARM.attributes
                0x000002d4       0x2c ./Drivers/STM32C0xx_HAL_Driver/Src/stm32c0xx_hal_tim_ex.o
 .ARM.attributes
                0x00000300       0x2c ./Drivers/STM32C0xx_HAL_Driver/Src/stm32c0xx_hal_uart.o
 .ARM.attributes
                0x0000032c       0x2c ./Drivers/STM32C0xx_HAL_Driver/Src/stm32c0xx_hal_uart_ex.o
 .ARM.attributes
                0x00000358       0x2c C:/ST/STM32CubeIDE_1.12.0/STM32CubeIDE/plugins/com.st.stm32cube.ide.mcu.externaltools.gnu-tools-for-stm32.13.3.rel1.win32_1.0.0.202411081344/tools/bin/../lib/gcc/arm-none-eabi/13.3.1/../../../../arm-none-eabi/lib/thumb/v6-m/nofp\libc_nano.a(libc_a-memset.o)
 .ARM.attributes
                0x00000384       0x2c C:/ST/STM32CubeIDE_1.12.0/STM32CubeIDE/plugins/com.st.stm32cube.ide.mcu.externaltools.gnu-tools-for-stm32.13.3.rel1.win32_1.0.0.202411081344/tools/bin/../lib/gcc/arm-none-eabi/13.3.1/../../../../arm-none-eabi/lib/thumb/v6-m/nofp\libc_nano.a(libc_a-init.o)
 .ARM.attributes
                0x000003b0       0x1e C:/ST/STM32CubeIDE_1.12.0/STM32CubeIDE/plugins/com.st.stm32cube.ide.mcu.externaltools.gnu-tools-for-stm32.13.3.rel1.win32_1.0.0.202411081344/tools/bin/../lib/gcc/arm-none-eabi/13.3.1/thumb/v6-m/nofp\libgcc.a(_udivsi3.o)
 .ARM.attributes
                0x000003ce       0x1e C:/ST/STM32CubeIDE_1.12.0/STM32CubeIDE/plugins/com.st.stm32cube.ide.mcu.externaltools.gnu-tools-for-stm32.13.3.rel1.win32_1.0.0.202411081344/tools/bin/../lib/gcc/arm-none-eabi/13.3.1/thumb/v6-m/nofp\libgcc.a(_divsi3.o)
 .ARM.attributes
                0x000003ec       0x1e C:/ST/STM32CubeIDE_1.12.0/STM32CubeIDE/plugins/com.st.stm32cube.ide.mcu.externaltools.gnu-tools-for-stm32.13.3.rel1.win32_1.0.0.202411081344/tools/bin/../lib/gcc/arm-none-eabi/13.3.1/thumb/v6-m/nofp\libgcc.a(_dvmd_tls.o)
 .ARM.attributes
                0x0000040a       0x1e C:/ST/STM32CubeIDE_1.12.0/STM32CubeIDE/plugins/com.st.stm32cube.ide.mcu.externaltools.gnu-tools-for-stm32.13.3.rel1.win32_1.0.0.202411081344/tools/bin/../lib/gcc/arm-none-eabi/13.3.1/thumb/v6-m/nofp/crtn.o
OUTPUT(Sniffer.elf elf32-littlearm)
LOAD linker stubs
LOAD C:/ST/STM32CubeIDE_1.12.0/STM32CubeIDE/plugins/com.st.stm32cube.ide.mcu.externaltools.gnu-tools-for-stm32.13.3.rel1.win32_1.0.0.202411081344/tools/bin/../lib/gcc/arm-none-eabi/13.3.1/../../../../arm-none-eabi/lib/thumb/v6-m/nofp\libc.a
LOAD C:/ST/STM32CubeIDE_1.12.0/STM32CubeIDE/plugins/com.st.stm32cube.ide.mcu.externaltools.gnu-tools-for-stm32.13.3.rel1.win32_1.0.0.202411081344/tools/bin/../lib/gcc/arm-none-eabi/13.3.1/../../../../arm-none-eabi/lib/thumb/v6-m/nofp\libm.a
LOAD C:/ST/STM32CubeIDE_1.12.0/STM32CubeIDE/plugins/com.st.stm32cube.ide.mcu.externaltools.gnu-tools-for-stm32.13.3.rel1.win32_1.0.0.202411081344/tools/bin/../lib/gcc/arm-none-eabi/13.3.1/thumb/v6-m/nofp\libgcc.a

.debug_info     0x00000000    0x10f7f
 .debug_info    0x00000000     0x1457 ./Core/Src/main.o
 .debug_info    0x00001457      0x2e7 ./Core/Src/pulse_analysis.o
 .debug_info    0x0000173e      0x990 ./Core/Src/pulse_capture.o
 .debug_info    0x000020ce     0x10f7 ./Core/Src/stm32c0xx_hal_msp.o
 .debug_info    0x000031c5      0x970 ./Core/Src/stm32c0xx_it.o
 .debug_info    0x00003b35      0x373 ./Core/Src/system_stm32c0xx.o
 .debug_info    0x00003ea8      0x84d ./Core/Src/uart_send.o
 .debug_info    0x000046f5       0x30 ./Core/Startup/startup_stm32c011j6mx.o
 .debug_info    0x00004725      0x832 ./Drivers/STM32C0xx_HAL_Driver/Src/stm32c0xx_hal.o
 .debug_info    0x00004f57      0x87b ./Drivers/STM32C0xx_HAL_Driver/Src/stm32c0xx_hal_cortex.o
 .debug_info    0x000057d2      0x830 ./Drivers/STM32C0xx_HAL_Driver/Src/stm32c0xx_hal_dma.o
 .debug_info    0x00006002      0x5b7 ./Drivers/STM32C0xx_HAL_Driver/Src/stm32c0xx_hal_gpio.o
 .debug_info    0x000065b9      0x903 ./Drivers/STM32C0xx_HAL_Driver/Src/stm32c0xx_hal_rcc.o
 .debug_info    0x00006ebc      0x551 ./Drivers/STM32C0xx_HAL_Driver/Src/stm32c0xx_hal_rcc_ex.o
 .debug_info    0x0000740d     0x2b65 ./Drivers/STM32C0xx_HAL_Driver/Src/stm32c0xx_hal_tim.o
 .debug_info    0x00009f72     0x1878 ./Drivers/STM32C0xx_HAL_Driver/Src/stm32c0xx_hal_tim_ex.o
 .debug_info    0x0000b7ea     0x4828 ./Drivers/STM32C0xx_HAL_Driver/Src/stm32c0xx_hal_uart.o
 .debug_info    0x00010012      0xf6d ./Drivers/STM32C0xx_HAL_Driver/Src/stm32c0xx_hal_uart_ex.o

.debug_abbrev   0x00000000     0x2687
 .debug_abbrev  0x00000000      0x2f9 ./Core/Src/main.o
 .debug_abbrev  0x000002f9      0x14d ./Core/Src/pulse_analysis.o
 .debug_abbrev  0x00000446      0x24d ./Core/Src/pulse_capture.o
 .debug_abbrev  0x00000693      0x246 ./Core/Src/stm32c0xx_hal_msp.o
 .debug_abbrev  0x000008d9      0x1a5 ./Core/Src/stm32c0xx_it.o
 .debug_abbrev  0x00000a7e      0x119 ./Core/Src/system_stm32c0xx.o
 .debug_abbrev  0x00000b97      0x1bb ./Core/Src/uart_send.o
 .debug_abbrev  0x00000d52       0x24 ./Core/Startup/startup_stm32c011j6mx.o
 .debug_abbrev  0x00000d76      0x2cb ./Drivers/STM32C0xx_HAL_Driver/Src/stm32c0xx_hal.o
 .debug_abbrev  0x00001041      0x2b7 ./Drivers/STM32C0xx_HAL_Driver/Src/stm32c0xx_hal_cortex.o
 .debug_abbrev  0x000012f8      0x1dc ./Drivers/STM32C0xx_HAL_Driver/Src/stm32c0xx_hal_dma.o
 .debug_abbrev  0x000014d4      0x1d6 ./Drivers/STM32C0xx_HAL_Driver/Src/stm32c0xx_hal_gpio.o
 .debug_abbrev  0x000016aa      0x28b ./Drivers/STM32C0xx_HAL_Driver/Src/stm32c0xx_hal_rcc.o
 .debug_abbrev  0x00001935      0x225 ./Drivers/STM32C0xx_HAL_Driver/Src/stm32c0xx_hal_rcc_ex.o
 .debug_abbrev  0x00001b5a      0x28a ./Drivers/STM32C0xx_HAL_Driver/Src/stm32c0xx_hal_tim.o
 .debug_abbrev  0x00001de4      0x2aa ./Drivers/STM32C0xx_HAL_Driver/Src/stm32c0xx_hal_tim_ex.o
 .debug_abbrev  0x0000208e      0x314 ./Drivers/STM32C0xx_HAL_Driver/Src/stm32c0xx_hal_uart.o
 .debug_abbrev  0x000023a2      0x2e5 ./Drivers/STM32C0xx_HAL_Driver/Src/stm32c0xx_hal_uart_ex.o

.debug_aranges  0x00000000      0xe50
 .debug_aranges
                0x00000000       0x68 ./Core/Src/main.o
 .debug_aranges
                0x00000068       0x58 ./Core/Src/pulse_analysis.o
 .debug_aranges
                0x000000c0       0x50 ./Core/Src/pulse_capture.o
 .debug_aranges
                0x00000110       0x40 ./Core/Src/stm32c0xx_hal_msp.o
 .debug_aranges
                0x00000150       0x60 ./Core/Src/stm32c0xx_it.o
 .debug_aranges
                0x000001b0       0x28 ./Core/Src/system_stm32c0xx.o
 .debug_aranges
                0x000001d8       0x28 ./Core/Src/uart_send.o
 .debug_aranges
                0x00000200       0x28 ./Core/Startup/startup_stm32c011j6mx.o
 .debug_aranges
                0x00000228      0x100 ./Drivers/STM32C0xx_HAL_Driver/Src/stm32c0xx_hal.o
 .debug_aranges
                0x00000328       0xe8 ./Drivers/STM32C0xx_HAL_Driver/Src/stm32c0xx_hal_cortex.o
 .debug_aranges
                0x00000410       0x90 ./Drivers/STM32C0xx_HAL_Driver/Src/stm32c0xx_hal_dma.o
 .debug_aranges
                0x000004a0       0x68 ./Drivers/STM32C0xx_HAL_Driver/Src/stm32c0xx_hal_gpio.o
 .debug_aranges
                0x00000508       0xa0 ./Drivers/STM32C0xx_HAL_Driver/Src/stm32c0xx_hal_rcc.o
 .debug_aranges
                0x000005a8       0x40 ./Drivers/STM32C0xx_HAL_Driver/Src/stm32c0xx_hal_rcc_ex.o
 .debug_aranges
                0x000005e8      0x3e0 ./Drivers/STM32C0xx_HAL_Driver/Src/stm32c0xx_hal_tim.o
 .debug_aranges
                0x000009c8      0x198 ./Drivers/STM32C0xx_HAL_Driver/Src/stm32c0xx_hal_tim_ex.o
 .debug_aranges
                0x00000b60      0x248 ./Drivers/STM32C0xx_HAL_Driver/Src/stm32c0xx_hal_uart.o
 .debug_aranges
                0x00000da8       0xa8 ./Drivers/STM32C0xx_HAL_Driver/Src/stm32c0xx_hal_uart_ex.o

.debug_rnglists
                0x00000000      0xb3f
 .debug_rnglists
                0x00000000       0x4e ./Core/Src/main.o
 .debug_rnglists
                0x0000004e       0x3f ./Core/Src/pulse_analysis.o
 .debug_rnglists
                0x0000008d       0x39 ./Core/Src/pulse_capture.o
 .debug_rnglists
                0x000000c6       0x2d ./Core/Src/stm32c0xx_hal_msp.o
 .debug_rnglists
                0x000000f3       0x44 ./Core/Src/stm32c0xx_it.o
 .debug_rnglists
                0x00000137       0x1a ./Core/Src/system_stm32c0xx.o
 .debug_rnglists
                0x00000151       0x1a ./Core/Src/uart_send.o
 .debug_rnglists
                0x0000016b       0x19 ./Core/Startup/startup_stm32c011j6mx.o
 .debug_rnglists
                0x00000184       0xbc ./Drivers/STM32C0xx_HAL_Driver/Src/stm32c0xx_hal.o
 .debug_rnglists
                0x00000240       0xaa ./Drivers/STM32C0xx_HAL_Driver/Src/stm32c0xx_hal_cortex.o
 .debug_rnglists
                0x000002ea       0x72 ./Drivers/STM32C0xx_HAL_Driver/Src/stm32c0xx_hal_dma.o
 .debug_rnglists
                0x0000035c       0x4b ./Drivers/STM32C0xx_HAL_Driver/Src/stm32c0xx_hal_gpio.o
 .debug_rnglists
                0x000003a7       0x78 ./Drivers/STM32C0xx_HAL_Driver/Src/stm32c0xx_hal_rcc.o
 .debug_rnglists
                0x0000041f       0x2d ./Drivers/STM32C0xx_HAL_Driver/Src/stm32c0xx_hal_rcc_ex.o
 .debug_rnglists
                0x0000044c      0x32a ./Drivers/STM32C0xx_HAL_Driver/Src/stm32c0xx_hal_tim.o
 .debug_rnglists
                0x00000776      0x14e ./Drivers/STM32C0xx_HAL_Driver/Src/stm32c0xx_hal_tim_ex.o
 .debug_rnglists
                0x000008c4      0x1fb ./Drivers/STM32C0xx_HAL_Driver/Src/stm32c0xx_hal_uart.o
 .debug_rnglists
                0x00000abf       0x80 ./Drivers/STM32C0xx_HAL_Driver/Src/stm32c0xx_hal_uart_ex.o

.debug_macro    0x00000000    0x13733
 .debug_macro   0x00000000      0x1ff ./Core/Src/main.o
 .debug_macro   0x000001ff      0xaae ./Core/Src/main.o
 .debug_macro   0x00000cad       0x2e ./Core/Src/main.o
 .debug_macro   0x00000cdb       0x28 ./Core/Src/main.o
 .debug_macro   0x00000d03       0x22 ./Core/Src/main.o
 .debug_macro   0x00000d25       0x8e ./Core/Src/main.o
 .debug_macro   0x00000db3       0x51 ./Core/Src/main.o
 .debug_macro   0x00000e04      0x103 ./Core/Src/main.o
 .debug_macro   0x00000f07       0x6a ./Core/Src/main.o
 .debug_macro   0x00000f71      0x1df ./Core/Src/main.o
 .debug_macro   0x00001150       0x1c ./Core/Src/main.o
 .debug_macro   0x0000116c       0x22 ./Core/Src/main.o
 .debug_macro   0x0000118e       0xd1 ./Core/Src/main.o
 .debug_macro   0x0000125f      0x4da ./Core/Src/main.o
 .debug_macro   0x00001739      0x11f ./Core/Src/main.o
 .debug_macro   0x00001858     0x8f7d ./Core/Src/main.o
 .debug_macro   0x0000a7d5       0x6d ./Core/Src/main.o
 .debug_macro   0x0000a842      0x198 ./Core/Src/main.o
 .debug_macro   0x0000a9da       0xe9 ./Core/Src/main.o
 .debug_macro   0x0000aac3     0x3440 ./Core/Src/main.o
 .debug_macro   0x0000df03      0x190 ./Core/Src/main.o
 .debug_macro   0x0000e093       0x5b ./Core/Src/main.o
 .debug_macro   0x0000e0ee      0x366 ./Core/Src/main.o
 .debug_macro   0x0000e454      0xaf3 ./Core/Src/main.o
 .debug_macro   0x0000ef47      0x145 ./Core/Src/main.o
 .debug_macro   0x0000f08c      0x15f ./Core/Src/main.o
 .debug_macro   0x0000f1eb      0x179 ./Core/Src/main.o
 .debug_macro   0x0000f364      0x264 ./Core/Src/main.o
 .debug_macro   0x0000f5c8      0x17e ./Core/Src/main.o
 .debug_macro   0x0000f746       0x43 ./Core/Src/main.o
 .debug_macro   0x0000f789      0x1f1 ./Core/Src/main.o
 .debug_macro   0x0000f97a      0x1aa ./Core/Src/main.o
 .debug_macro   0x0000fb24      0x367 ./Core/Src/main.o
 .debug_macro   0x0000fe8b       0x28 ./Core/Src/main.o
 .debug_macro   0x0000feb3       0xb3 ./Core/Src/main.o
 .debug_macro   0x0000ff66      0x104 ./Core/Src/main.o
 .debug_macro   0x0001006a       0xef ./Core/Src/main.o
 .debug_macro   0x00010159      0xaa6 ./Core/Src/main.o
 .debug_macro   0x00010bff       0xd9 ./Core/Src/main.o
 .debug_macro   0x00010cd8      0x67e ./Core/Src/main.o
 .debug_macro   0x00011356       0xa6 ./Core/Src/main.o
 .debug_macro   0x000113fc      0x3c7 ./Core/Src/main.o
 .debug_macro   0x000117c3       0x28 ./Core/Src/main.o
 .debug_macro   0x000117eb       0x40 ./Core/Src/main.o
 .debug_macro   0x0001182b       0x16 ./Core/Src/main.o
 .debug_macro   0x00011841      0x1ee ./Core/Src/pulse_analysis.o
 .debug_macro   0x00011a2f       0x3a ./Core/Src/pulse_analysis.o
 .debug_macro   0x00011a69       0x22 ./Core/Src/pulse_analysis.o
 .debug_macro   0x00011a8b      0x1df ./Core/Src/pulse_capture.o
 .debug_macro   0x00011c6a      0x1ff ./Core/Src/stm32c0xx_hal_msp.o
 .debug_macro   0x00011e69      0x209 ./Core/Src/stm32c0xx_it.o
 .debug_macro   0x00012072      0x1d6 ./Core/Src/system_stm32c0xx.o
 .debug_macro   0x00012248      0x1ff ./Core/Src/uart_send.o
 .debug_macro   0x00012447      0x1ee ./Drivers/STM32C0xx_HAL_Driver/Src/stm32c0xx_hal.o
 .debug_macro   0x00012635      0x1d0 ./Drivers/STM32C0xx_HAL_Driver/Src/stm32c0xx_hal_cortex.o
 .debug_macro   0x00012805      0x1d0 ./Drivers/STM32C0xx_HAL_Driver/Src/stm32c0xx_hal_dma.o
 .debug_macro   0x000129d5      0x205 ./Drivers/STM32C0xx_HAL_Driver/Src/stm32c0xx_hal_gpio.o
 .debug_macro   0x00012bda      0x200 ./Drivers/STM32C0xx_HAL_Driver/Src/stm32c0xx_hal_rcc.o
 .debug_macro   0x00012dda      0x1e2 ./Drivers/STM32C0xx_HAL_Driver/Src/stm32c0xx_hal_rcc_ex.o
 .debug_macro   0x00012fbc      0x1d8 ./Drivers/STM32C0xx_HAL_Driver/Src/stm32c0xx_hal_tim.o
 .debug_macro   0x00013194      0x1d6 ./Drivers/STM32C0xx_HAL_Driver/Src/stm32c0xx_hal_tim_ex.o
 .debug_macro   0x0001336a      0x1ed ./Drivers/STM32C0xx_HAL_Driver/Src/stm32c0xx_hal_uart.o
 .debug_macro   0x00013557      0x1dc ./Drivers/STM32C0xx_HAL_Driver/Src/stm32c0xx_hal_uart_ex.o

.debug_line     0x00000000    0x120ec
 .debug_line    0x00000000      0x9ea ./Core/Src/main.o
 .debug_line    0x000009ea      0x933 ./Core/Src/pulse_analysis.o
 .debug_line    0x0000131d      0x96b ./Core/Src/pulse_capture.o
 .debug_line    0x00001c88      0x8c6 ./Core/Src/stm32c0xx_hal_msp.o
 .debug_line    0x0000254e      0x8cf ./Core/Src/stm32c0xx_it.o
 .debug_line    0x00002e1d      0x7ca ./Core/Src/system_stm32c0xx.o
 .debug_line    0x000035e7      0x7f2 ./Core/Src/uart_send.o
 .debug_line    0x00003dd9       0x7d ./Core/Startup/startup_stm32c011j6mx.o
 .debug_line    0x00003e56      0xaaa ./Drivers/STM32C0xx_HAL_Driver/Src/stm32c0xx_hal.o
 .debug_line    0x00004900      0xbc5 ./Drivers/STM32C0xx_HAL_Driver/Src/stm32c0xx_hal_cortex.o
 .debug_line    0x000054c5      0xdb2 ./Drivers/STM32C0xx_HAL_Driver/Src/stm32c0xx_hal_dma.o
 .debug_line    0x00006277      0xbae ./Drivers/STM32C0xx_HAL_Driver/Src/stm32c0xx_hal_gpio.o
 .debug_line    0x00006e25      0xdcd ./Drivers/STM32C0xx_HAL_Driver/Src/stm32c0xx_hal_rcc.o
 .debug_line    0x00007bf2      0xa2c ./Drivers/STM32C0xx_HAL_Driver/Src/stm32c0xx_hal_rcc_ex.o
 .debug_line    0x0000861e     0x3bd2 ./Drivers/STM32C0xx_HAL_Driver/Src/stm32c0xx_hal_tim.o
 .debug_line    0x0000c1f0     0x1b61 ./Drivers/STM32C0xx_HAL_Driver/Src/stm32c0xx_hal_tim_ex.o
 .debug_line    0x0000dd51     0x3648 ./Drivers/STM32C0xx_HAL_Driver/Src/stm32c0xx_hal_uart.o
 .debug_line    0x00011399      0xd53 ./Drivers/STM32C0xx_HAL_Driver/Src/stm32c0xx_hal_uart_ex.o

.debug_str      0x00000000    0x7aa9f
 .debug_str     0x00000000    0x7aa9f ./Core/Src/main.o
                              0x77aa1 (size before relaxing)
 .debug_str     0x0007aa9f    0x76ba6 ./Core/Src/pulse_analysis.o
 .debug_str     0x0007aa9f    0x770ea ./Core/Src/pulse_capture.o
 .debug_str     0x0007aa9f    0x777e9 ./Core/Src/stm32c0xx_hal_msp.o
 .debug_str     0x0007aa9f    0x77267 ./Core/Src/stm32c0xx_it.o
 .debug_str     0x0007aa9f    0x76a56 ./Core/Src/system_stm32c0xx.o
 .debug_str     0x0007aa9f    0x770e6 ./Core/Src/uart_send.o
 .debug_str     0x0007aa9f       0x87 ./Core/Startup/startup_stm32c011j6mx.o
 .debug_str     0x0007aa9f    0x7704c ./Drivers/STM32C0xx_HAL_Driver/Src/stm32c0xx_hal.o
 .debug_str     0x0007aa9f    0x76e6f ./Drivers/STM32C0xx_HAL_Driver/Src/stm32c0xx_hal_cortex.o
 .debug_str     0x0007aa9f    0x76ecd ./Drivers/STM32C0xx_HAL_Driver/Src/stm32c0xx_hal_dma.o
 .debug_str     0x0007aa9f    0x76c4e ./Drivers/STM32C0xx_HAL_Driver/Src/stm32c0xx_hal_gpio.o
 .debug_str     0x0007aa9f    0x77041 ./Drivers/STM32C0xx_HAL_Driver/Src/stm32c0xx_hal_rcc.o
 .debug_str     0x0007aa9f    0x76cbf ./Drivers/STM32C0xx_HAL_Driver/Src/stm32c0xx_hal_rcc_ex.o
 .debug_str     0x0007aa9f    0x77f7e ./Drivers/STM32C0xx_HAL_Driver/Src/stm32c0xx_hal_tim.o
 .debug_str     0x0007aa9f    0x7790c ./Drivers/STM32C0xx_HAL_Driver/Src/stm32c0xx_hal_tim_ex.o
 .debug_str     0x0007aa9f    0x779a6 ./Drivers/STM32C0xx_HAL_Driver/Src/stm32c0xx_hal_uart.o
 .debug_str     0x0007aa9f    0x772cf ./Drivers/STM32C0xx_HAL_Driver/Src/stm32c0xx_hal_uart_ex.o

.comment        0x00000000       0x43
 .comment       0x00000000       0x43 ./Core/Src/main.o
                                 0x44 (size before relaxing)
 .comment       0x00000043       0x44 ./Core/Src/pulse_analysis.o
 .comment       0x00000043       0x44 ./Core/Src/pulse_capture.o
 .comment       0x00000043       0x44 ./Core/Src/stm32c0xx_hal_msp.o
 .comment       0x00000043       0x44 ./Core/Src/stm32c0xx_it.o
 .comment       0x00000043       0x44 ./Core/Src/system_stm32c0xx.o
 .comment       0x00000043       0x44 ./Core/Src/uart_send.o
 .comment       0x00000043       0x44 ./Drivers/STM32C0xx_HAL_Driver/Src/stm32c0xx_hal.o
 .comment       0x00000043       0x44 ./Drivers/STM32C0xx_HAL_Driver/Src/stm32c0xx_hal_cortex.o
 .comment       0x00000043       0x44 ./Drivers/STM32C0xx_HAL_Driver/Src/stm32c0xx_hal_dma.o
 .comment       0x00000043       0x44 ./Drivers/STM32C0xx_HAL_Driver/Src/stm32c0xx_hal_gpio.o
 .comment       0x00000043       0x44 ./Drivers/STM32C0xx_HAL_Driver/Src/stm32c0xx_hal_rcc.o
 .comment       0x00000043       0x44 ./Drivers/STM32C0xx_HAL_Driver/Src/stm32c0xx_hal_rcc_ex.o
 .comment       0x00000043       0x44 ./Drivers/STM32C0xx_HAL_Driver/Src/stm32c0xx_hal_tim.o
 .comment       0x00000043       0x44 ./Drivers/STM32C0xx_HAL_Driver/Src/stm32c0xx_hal_tim_ex.o
 .comment       0x00000043       0x44 ./Drivers/STM32C0xx_HAL_Driver/Src/stm32c0xx_hal_uart.o
 .comment       0x00000043       0x44 ./Drivers/STM32C0xx_HAL_Driver/Src/stm32c0xx_hal_uart_ex.o

.debug_frame    0x00000000     0x3338
 .debug_frame   0x00000000      0x13c ./Core/Src/main.o
 .debug_frame   0x0000013c       0xfc ./Core/Src/pulse_analysis.o
 .debug_frame   0x00000238       0xe8 ./Core/Src/pulse_capture.o
 .debug_frame   0x00000320       0xb0 ./Core/Src/stm32c0xx_hal_msp.o
 .debug_frame   0x000003d0      0x10c ./Core/Src/stm32c0xx_it.o
 .debug_frame   0x000004dc       0x4c ./Core/Src/system_stm32c0xx.o
 .debug_frame   0x00000528       0x54 ./Core/Src/uart_send.o
 .debug_frame   0x0000057c      0x368 ./Drivers/STM32C0xx_HAL_Driver/Src/stm32c0xx_hal.o
 .debug_frame   0x000008e4      0x33c ./Drivers/STM32C0xx_HAL_Driver/Src/stm32c0xx_hal_cortex.o
 .debug_frame   0x00000c20      0x1f0 ./Drivers/STM32C0xx_HAL_Driver/Src/stm32c0xx_hal_dma.o
 .debug_frame   0x00000e10      0x150 ./Drivers/STM32C0xx_HAL_Driver/Src/stm32c0xx_hal_gpio.o
 .debug_frame   0x00000f60      0x214 ./Drivers/STM32C0xx_HAL_Driver/Src/stm32c0xx_hal_rcc.o
 .debug_frame   0x00001174       0xac ./Drivers/STM32C0xx_HAL_Driver/Src/stm32c0xx_hal_rcc_ex.o
 .debug_frame   0x00001220      0xf40 ./Drivers/STM32C0xx_HAL_Driver/Src/stm32c0xx_hal_tim.o
 .debug_frame   0x00002160      0x620 ./Drivers/STM32C0xx_HAL_Driver/Src/stm32c0xx_hal_tim_ex.o
 .debug_frame   0x00002780      0x8d4 ./Drivers/STM32C0xx_HAL_Driver/Src/stm32c0xx_hal_uart.o
 .debug_frame   0x00003054      0x258 ./Drivers/STM32C0xx_HAL_Driver/Src/stm32c0xx_hal_uart_ex.o
 .debug_frame   0x000032ac       0x20 C:/ST/STM32CubeIDE_1.12.0/STM32CubeIDE/plugins/com.st.stm32cube.ide.mcu.externaltools.gnu-tools-for-stm32.13.3.rel1.win32_1.0.0.202411081344/tools/bin/../lib/gcc/arm-none-eabi/13.3.1/../../../../arm-none-eabi/lib/thumb/v6-m/nofp\libc_nano.a(libc_a-memset.o)
 .debug_frame   0x000032cc       0x2c C:/ST/STM32CubeIDE_1.12.0/STM32CubeIDE/plugins/com.st.stm32cube.ide.mcu.externaltools.gnu-tools-for-stm32.13.3.rel1.win32_1.0.0.202411081344/tools/bin/../lib/gcc/arm-none-eabi/13.3.1/../../../../arm-none-eabi/lib/thumb/v6-m/nofp\libc_nano.a(libc_a-init.o)
 .debug_frame   0x000032f8       0x20 C:/ST/STM32CubeIDE_1.12.0/STM32CubeIDE/plugins/com.st.stm32cube.ide.mcu.externaltools.gnu-tools-for-stm32.13.3.rel1.win32_1.0.0.202411081344/tools/bin/../lib/gcc/arm-none-eabi/13.3.1/thumb/v6-m/nofp\libgcc.a(_udivsi3.o)
 .debug_frame   0x00003318       0x20 C:/ST/STM32CubeIDE_1.12.0/STM32CubeIDE/plugins/com.st.stm32cube.ide.mcu.externaltools.gnu-tools-for-stm32.13.3.rel1.win32_1.0.0.202411081344/tools/bin/../lib/gcc/arm-none-eabi/13.3.1/thumb/v6-m/nofp\libgcc.a(_divsi3.o)

.debug_line_str
                0x00000000       0x6b
 .debug_line_str
                0x00000000       0x6b ./Core/Startup/startup_stm32c011j6mx.o
